// Jest Snapshot v1, https://goo.gl/fbAQLP

exports[`Orders Page Component Should render without crashing 1`] = `ShallowWrapper {}`;
