// Jest Snapshot v1, https://goo.gl/fbAQLP

exports[`Parcels Page Component Should render without crashing 1`] = `ShallowWrapper {}`;
