// Jest Snapshot v1, https://goo.gl/fbAQLP

exports[`Register Page Component Should render without crashing 1`] = `ReactWrapper {}`;
