// Jest Snapshot v1, https://goo.gl/fbAQLP

exports[`Sample Articles Component Should render without crashing 1`] = `ReactWrapper {}`;
